// Jest Snapshot v1, https://goo.gl/fbAQLP

exports[`CreateEventForm tests renders correctly 1`] = `
<div>
  <div>
    <div
      class="container"
    >
      <div
        class="title"
      >
        <p>
          Create New Event:
        </p>
      </div>
      <form
        class="createEventForm"
      >
        <div
          class="formField"
        >
          <label
            for="organizerNameId"
          >
            Organizer Name: 
          </label>
          <input
            id="organizerNameId"
            name="myOrganizerName"
            required=""
            type="text"
          />
        </div>
        <div
          class="formField"
        >
          <label
            for="contactId"
          >
            Phone Number: 
          </label>
          <input
            id="contactId"
            name="myContactNumber"
            required=""
            type="tel"
          />
        </div>
        <div
          class="formField"
        >
          <label
            for="eventId"
          >
            Event Name: 
          </label>
          <input
            id="eventId"
            name="myEventName"
            required=""
            type="text"
          />
        </div>
        <div
          class="formField"
        >
          <label
            for="eventDate"
          >
            Event Date: 
          </label>
          <input
            id="eventDate"
            name="myEventDate"
            required=""
            type="date"
          />
        </div>
        <div
          class="formField"
        >
          <label
            for="eventTime"
          >
            Event Time: 
          </label>
          <input
            id="eventTime"
            name="myEventTime"
            required=""
            type="time"
          />
        </div>
        <div
          class="formField"
        >
          <label
            for="location"
          >
            Location: 
          </label>
          <input
            id="location"
            name="myLocation"
            required=""
            type="text"
          />
        </div>
        <div
          class="formDropdown"
        >
          <label
            for="categoryDropdown"
          >
            Event Category: 
          </label>
          <select
            id="categoryDropdown"
            name="myCategoryDropdown"
          >
            <option
              value="Sports"
            >
              Sports
            </option>
            <option
              value="Tech"
            >
              Tech
            </option>
            <option
              value="Music"
            >
              Music
            </option>
            <option
              value="Fashion"
            >
              Fashion
            </option>
            <option
              value="Health"
            >
              Health
            </option>
            <option
              value="Other"
            >
              Other
            </option>
          </select>
        </div>
        <div
          class="formRadio"
        >
          <p>
            Event Type:
          </p>
          <div
            class="radio"
          >
            <input
              id="publicEvent"
              name="eventType"
              type="radio"
              value="public"
            />
            <label
              for="publicEvent"
            >
              Public
            </label>
          </div>
          <div
            class="radio"
          >
            <input
              id="privateEvent"
              name="eventType"
              type="radio"
              value="private"
            />
            <label
              for="privateEvent"
            >
              Private
            </label>
          </div>
        </div>
        <div
          class="formCheckbox"
        >
          <div
            class="checkbox"
          >
            <input
              id="inviteOnly"
              name="eventOption"
              type="checkbox"
              value="invite required"
            />
            <label
              for="inviteOnly"
            >
              Make the event invite only
            </label>
          </div>
          <div
            class="checkbox"
          >
            <input
              id="idRequired"
              name="eventOption"
              type="checkbox"
              value="id required"
            />
            <label
              for="idRequired"
            >
              Participant's ID required
            </label>
          </div>
        </div>
        <div
          class="buttonContainer"
        >
          <input
            class="submitButton"
            type="submit"
            value="Create Event"
          />
        </div>
      </form>
    </div>
  </div>
</div>
`;
