// Jest Snapshot v1, https://goo.gl/fbAQLP

exports[`RegistrationForm tests renders correctly 1`] = `
<div>
  <div
    class="container"
  >
    <div
      class="eventDetailsContainer"
    >
      <div
        class="title"
      >
        <p>
          Register for 
          <span>
            Future of AI
          </span>
        </p>
      </div>
      <div
        class="text"
      >
        <p>
          Event Date: 
          <time
            datetime="2020-12-24"
          >
            December 24th 2020
          </time>
        </p>
        <p>
          Event Time: 
          <time
            datetime="13:00"
          >
            1:00 pm
          </time>
        </p>
      </div>
      <div
        class="text"
      >
        <p>
          Event Location: 
          <span>
            Chicago
          </span>
        </p>
      </div>
      <div
        class="text"
      >
        <p>
          Organized by: 
          <span>
            B2C Tech Inc
          </span>
        </p>
      </div>
    </div>
    <form
      class="registrationForm"
    >
      <div
        class="title"
      >
        <p>
          Participant's Information: 
        </p>
      </div>
      <div
        class="formField"
      >
        <label
          for="nameId"
        >
          Name: 
        </label>
        <input
          class="input"
          id="nameId"
          name="myName"
          required=""
          type="text"
        />
      </div>
      <div
        class="formField"
      >
        <label
          for="contactId"
        >
          Phone Number: 
        </label>
        <input
          class="input"
          id="contactId"
          name="myContactNumber"
          pattern="[0-9]{3}-[0-9]{3}-[0-9]{4}"
          placeholder="123-456-7890"
          required=""
          type="tel"
        />
      </div>
      <div
        class="formField"
      >
        <label
          for="emailId"
        >
          Email: 
        </label>
        <input
          class="input"
          id="emailId"
          name="myEmail"
          placeholder="sou@example.com"
          required=""
          type="email"
        />
      </div>
      <div
        class="buttonContainer"
      >
        <input
          class="submitButton"
          type="submit"
          value="Register"
        />
      </div>
    </form>
  </div>
</div>
`;
